
SN 68k version 2.53


Assembly completed.
0 error(s) from 53860 lines in 0.93 seconds
